This is TeX, Version 3.14159 (Web2C 7.4.5) (format=tex 2006.1.16)  14 FEB 2006 09:47
**editor
(./editor (/usr/share/texmf/tex/texinfo/texinfo.tex
Loading texinfo [version 2004-04-07.08]: Basics,
\bindingoffset=\dimen16
\normaloffset=\dimen17
\pagewidth=\dimen18
\pageheight=\dimen19
\outerhsize=\dimen20
\outervsize=\dimen21
\cornerlong=\dimen22
\cornerthick=\dimen23
\topandbottommargin=\dimen24
\headlinebox=\box16
\footlinebox=\box17
\margin=\insert252
\EMsimple=\toks12
\groupbox=\box18
\groupinvalidhelp=\toks13
\mil=\dimen25
\exdentamount=\skip18
\inmarginspacing=\skip19
 pdf,
\tempnum=\count26
\lnkcount=\count27
\filename=\toks14
\filenamelength=\count28
\pgn=\count29
\toksA=\toks15
\toksB=\toks16
\toksC=\toks17
\toksD=\toks18
\boxA=\box19
\countA=\count30
 fonts,
\sffam=\fam8
\textleading=\dimen26
\mainmagstep=\count31
\fontdepth=\count32
 page headings,
\titlepagetopglue=\skip20
\titlepagebottomglue=\skip21
\evenheadline=\toks19
\oddheadline=\toks20
\evenfootline=\toks21
\oddfootline=\toks22

tables,
\tableindent=\dimen27
\itemindent=\dimen28
\itemmargin=\dimen29
\itemmax=\dimen30
\itemno=\count33
\multitableparskip=\skip22
\multitableparindent=\skip23
\multitablecolspace=\dimen31
\multitablelinespace=\skip24
\colcount=\count34
\everytab=\toks23
 conditionals,
\doignorecount=\count35
 indexing,
\secondaryindent=\skip25
\partialpage=\box20
\doublecolumnhsize=\dimen32
 sectioning,
\unnumberedno=\count36
\chapno=\count37
\secno=\count38
\subsecno=\count39
\subsubsecno=\count40
\appendixno=\count41
\absseclevel=\count42
\secbase=\count43
\chapheadingskip=\skip26
\secheadingskip=\skip27
\subsecheadingskip=\skip28
 toc,
\tocfile=\write0
\contentsrightmargin=\skip29
\savepageno=\count44
\lastnegativepageno=\count45
\tocindent=\dimen33
 environments,
\errorbox=\box21
\lispnarrowing=\skip30
\envskipamount=\skip31
\circthick=\dimen34
\cartouter=\dimen35
\cartinner=\dimen36
\normbskip=\skip32
\normpskip=\skip33
\normlskip=\skip34
\lskip=\skip35
\rskip=\skip36
\tabw=\dimen37
 defuns,
\defbodyindent=\skip37
\defargsindent=\skip38
\deflastargmargin=\skip39
\parencount=\count46
\brackcount=\count47
 macros,
\macscribble=\write1
\paramno=\count48
\macname=\toks24

cross references,
\auxfile=\write2
\savesfregister=\count49
 insertions,
\footnoteno=\count50
\SAVEfootins=\box22
\SAVEmargin=\box23
 (/usr/share/texmf/tex/generic/dvips/epsf.tex
\epsffilein=\read0
\epsfframemargin=\dimen38
\epsfframethickness=\dimen39
\epsfrsize=\dimen40
\epsftmp=\dimen41
\epsftsize=\dimen42
\epsfxsize=\dimen43
\epsfysize=\dimen44
\pspoints=\dimen45
\epsfnoopenhelp=\toks25
)
\noepsfhelp=\toks26
\appendtomacroAtoks=\toks27
\appendtomacroBtoks=\toks28

localization,
\nolanghelp=\toks29
\defaultparindent=\dimen46
 and turning on texinfo input format.) (./editor.aux)
\openout2 = `editor.aux'.

@cpindfile=@write3
@fnindfile=@write4
@vrindfile=@write5
@tpindfile=@write6
@kyindfile=@write7
@pgindfile=@write8

-------------------------------------------------------------------
---------IGNORE THE FOLLOWING ERROR ABOUT THE INVALID CHARACTER----
-------------------------BY SIMPLY PRESSING ENTER------------------
-------------------------------------------------------------------
! Macro name comma already defined.
@macroxxx ...@the @macname @space already defined}
                                                  @fi @global @cslet {macsav...
l.308 @macro comma
                  
? 
[1
\openout3 = `editor.cp'.

\openout4 = `editor.fn'.

\openout5 = `editor.vr'.

\openout6 = `editor.tp'.

\openout7 = `editor.ky'.

\openout8 = `editor.pg'.

] [2] Chapter 1
\openout0 = `editor.toc'.

 [1] Chapter 2 [2] [3] [4] Chapter 3 [5] [6] [7] [8] [9]
[10] [11] [12] [13] [14] [15] Chapter 4 [16] [17] Chapter 5 [18] [19] [20]
[21] [22] [23] [24] [25] [26] [27] [28] [29] [30] [31] [32] [33] [34] [35]
[36] [37] [38] [39] [40] [41] [42] [43] [44] [45] [46] [47] [48] [49] [50]
[51] [52] Chapter 6 [53] [54] [55] [56] [57] [58] Chapter 7 [59] [60] [61]
[62] [63] [64] [65] [66] [67] [68] Chapter 8 [69] [70] [71] [72] [73] [74]
[75] Chapter 9 [76] [77] [78]
Overfull \hbox (79.54799pt too wide) in paragraph at lines 8864--8864
 []@texttt ; sLisp code to get the year using the date command. Side effect: sa
ves the file to disk[] |

@hbox(6.69167+2.43333)x455.24408
.@glue(@leftskip) 28.90755
.@hbox(0.0+0.0)x0.0
.@texttt ;
.@penalty 10000
.@glue 5.74869
.etc.

Chapter 10 [79] [80] [81] [82] [83] [84] [85] [86] [87] [88] [89] [90] [91]
[92] [93] [94] [95] [96] [97] [98] [99] [100] [101] [102] Chapter 11 [103]
[104] [105] Chapter 12 [106] Chapter 13 [107] [108] [109] Chapter 14 [110]
[111] [112] [113] [114] [115] [116] [117] [118] [119] [120] [121] [122]
[123] [124] [125] [126] [127] [128] Chapter 15 [129] [130]
Underfull \hbox (badness 3009) in paragraph at lines 13534--13536
 []@textrm The in-stal-la-tion di-rec-tory de-tected or spec-i-fied at com-pi-l
a-tion time adding the

@hbox(7.60416+2.12917)x455.24408, glue set 3.11185
.@glue(@leftskip) 21.68121
.@hbox(7.05666+0.0)x0.0, glue set - 15.74411fil
..@glue 0.0 plus 1.0fil minus 1.0fil
..@textrm 1
..@textrm .
..@kern 7.22743
.@textrm T
.@textrm h
.@textrm e
.etc.

[131]
Underfull \hbox (badness 3009) in paragraph at lines 13575--13577
 []@textrm The in-stal-la-tion di-rec-tory de-tected or spec-i-fied at com-pi-l
a-tion time adding the

@hbox(7.60416+2.12917)x455.24408, glue set 3.11185
.@glue(@leftskip) 21.68121
.@hbox(7.05666+0.0)x0.0, glue set - 15.74411fil
..@glue 0.0 plus 1.0fil minus 1.0fil
..@textrm 1
..@textrm .
..@kern 7.22743
.@textrm T
.@textrm h
.@textrm e
.etc.

[132] [133] [134] [135] [136] [137] [138] [139] [140] Chapter 16 [141] [142]
(./editor.cps [143] [144] [145] [146] [147]) Chapter 17 [148] (./editor.kys
[149] [150] [151]) [152] (./editor.toc [-1] [-2] [-3] [-4] [-5] [-6] [-7]
[-8] [-9]) [-10] ) 
Here is how much of TeX's memory you used:
 3105 strings out of 98002
 51745 string characters out of 1221978
 81373 words of memory out of 1000001
 3949 multiletter control sequences out of 10000+50000
 32127 words of font info for 112 fonts, out of 500000 for 1000
 51 hyphenation exceptions out of 1000
 15i,7n,12p,288b,1488s stack positions out of 1500i,500n,5000p,200000b,5000s

Output written on editor.dvi (164 pages, 922976 bytes).
