This is TeX, Version 3.14159 (Web2C 7.4.5) (format=tex 2006.1.16)  14 FEB 2006 09:47
**sdg
(./sdg (/usr/share/texmf/tex/texinfo/texinfo.tex
Loading texinfo [version 2004-04-07.08]: Basics,
\bindingoffset=\dimen16
\normaloffset=\dimen17
\pagewidth=\dimen18
\pageheight=\dimen19
\outerhsize=\dimen20
\outervsize=\dimen21
\cornerlong=\dimen22
\cornerthick=\dimen23
\topandbottommargin=\dimen24
\headlinebox=\box16
\footlinebox=\box17
\margin=\insert252
\EMsimple=\toks12
\groupbox=\box18
\groupinvalidhelp=\toks13
\mil=\dimen25
\exdentamount=\skip18
\inmarginspacing=\skip19
 pdf,
\tempnum=\count26
\lnkcount=\count27
\filename=\toks14
\filenamelength=\count28
\pgn=\count29
\toksA=\toks15
\toksB=\toks16
\toksC=\toks17
\toksD=\toks18
\boxA=\box19
\countA=\count30
 fonts,
\sffam=\fam8
\textleading=\dimen26
\mainmagstep=\count31
\fontdepth=\count32
 page headings,
\titlepagetopglue=\skip20
\titlepagebottomglue=\skip21
\evenheadline=\toks19
\oddheadline=\toks20
\evenfootline=\toks21
\oddfootline=\toks22

tables,
\tableindent=\dimen27
\itemindent=\dimen28
\itemmargin=\dimen29
\itemmax=\dimen30
\itemno=\count33
\multitableparskip=\skip22
\multitableparindent=\skip23
\multitablecolspace=\dimen31
\multitablelinespace=\skip24
\colcount=\count34
\everytab=\toks23
 conditionals,
\doignorecount=\count35
 indexing,
\secondaryindent=\skip25
\partialpage=\box20
\doublecolumnhsize=\dimen32
 sectioning,
\unnumberedno=\count36
\chapno=\count37
\secno=\count38
\subsecno=\count39
\subsubsecno=\count40
\appendixno=\count41
\absseclevel=\count42
\secbase=\count43
\chapheadingskip=\skip26
\secheadingskip=\skip27
\subsecheadingskip=\skip28
 toc,
\tocfile=\write0
\contentsrightmargin=\skip29
\savepageno=\count44
\lastnegativepageno=\count45
\tocindent=\dimen33
 environments,
\errorbox=\box21
\lispnarrowing=\skip30
\envskipamount=\skip31
\circthick=\dimen34
\cartouter=\dimen35
\cartinner=\dimen36
\normbskip=\skip32
\normpskip=\skip33
\normlskip=\skip34
\lskip=\skip35
\rskip=\skip36
\tabw=\dimen37
 defuns,
\defbodyindent=\skip37
\defargsindent=\skip38
\deflastargmargin=\skip39
\parencount=\count46
\brackcount=\count47
 macros,
\macscribble=\write1
\paramno=\count48
\macname=\toks24

cross references,
\auxfile=\write2
\savesfregister=\count49
 insertions,
\footnoteno=\count50
\SAVEfootins=\box22
\SAVEmargin=\box23
 (/usr/share/texmf/tex/generic/dvips/epsf.tex
\epsffilein=\read0
\epsfframemargin=\dimen38
\epsfframethickness=\dimen39
\epsfrsize=\dimen40
\epsftmp=\dimen41
\epsftsize=\dimen42
\epsfxsize=\dimen43
\epsfysize=\dimen44
\pspoints=\dimen45
\epsfnoopenhelp=\toks25
)
\noepsfhelp=\toks26
\appendtomacroAtoks=\toks27
\appendtomacroBtoks=\toks28

localization,
\nolanghelp=\toks29
\defaultparindent=\dimen46
 and turning on texinfo input format.) (./sdg.aux)
\openout2 = `sdg.aux'.

@cpindfile=@write3
@fnindfile=@write4
@vrindfile=@write5
@tpindfile=@write6
@kyindfile=@write7
@pgindfile=@write8

-------------------------------------------------------------------
---------IGNORE THE FOLLOWING ERROR ABOUT THE INVALID CHARACTER----
-------------------------BY SIMPLY PRESSING ENTER------------------
-------------------------------------------------------------------
! Macro name comma already defined.
@macroxxx ...@the @macname @space already defined}
                                                  @fi @global @cslet {macsav...
l.304 @macro comma
                  
? 
[1
\openout3 = `sdg.cp'.

\openout4 = `sdg.fn'.

\openout5 = `sdg.vr'.

\openout6 = `sdg.tp'.

\openout7 = `sdg.ky'.

\openout8 = `sdg.pg'.

] [2] Chapter 1
\openout0 = `sdg.toc'.

 Chapter 2 [1] [2]
Overfull \hbox (22.06111pt too wide) in paragraph at lines 650--650
 []@texttt /**[txh]************************************************************
**********[] |

@hbox(7.60416+0.91246)x455.24408
.@glue(@leftskip) 28.90755
.@hbox(0.0+0.0)x0.0
.@texttt /
.@texttt *
.@texttt *
.etc.


Overfull \hbox (22.06111pt too wide) in paragraph at lines 662--662
 []@texttt ********************************************************************
*********/[] |

@hbox(7.60416+0.91246)x455.24408
.@glue(@leftskip) 28.90755
.@hbox(0.0+0.0)x0.0
.@texttt *
.@texttt *
.@texttt *
.etc.


Overfull \hbox (22.06111pt too wide) in paragraph at lines 666--666
 []@texttt /**[txh]************************************************************
**********[] |

@hbox(7.60416+0.91246)x455.24408
.@glue(@leftskip) 28.90755
.@hbox(0.0+0.0)x0.0
.@texttt /
.@texttt *
.@texttt *
.etc.


Overfull \hbox (22.06111pt too wide) in paragraph at lines 673--673
 []@texttt ********************************************************************
*********/[] |

@hbox(7.60416+0.91246)x455.24408
.@glue(@leftskip) 28.90755
.@hbox(0.0+0.0)x0.0
.@texttt *
.@texttt *
.@texttt *
.etc.

[3]
Overfull \hbox (22.06111pt too wide) in paragraph at lines 786--786
 []@texttt /**[txh]************************************************************
**********[] |

@hbox(7.60416+0.91246)x455.24408
.@glue(@leftskip) 28.90755
.@hbox(0.0+0.0)x0.0
.@texttt /
.@texttt *
.@texttt *
.etc.


Overfull \hbox (22.06111pt too wide) in paragraph at lines 791--791
 []@texttt ********************************************************************
*********/[] |

@hbox(7.60416+0.91246)x455.24408
.@glue(@leftskip) 28.90755
.@hbox(0.0+0.0)x0.0
.@texttt *
.@texttt *
.@texttt *
.etc.

[4] [5] Chapter 3 [6] [7] [8] [9] [10] [11] Chapter 4 [12] (./sdg.cps [13])
Chapter 5 [14] (./sdg.vrs) [15] [16] (./sdg.toc) [-1] [-2] ) 
Here is how much of TeX's memory you used:
 1786 strings out of 98002
 20365 string characters out of 1221978
 52854 words of memory out of 1000001
 2630 multiletter control sequences out of 10000+50000
 32127 words of font info for 112 fonts, out of 500000 for 1000
 51 hyphenation exceptions out of 1000
 15i,6n,12p,281b,490s stack positions out of 1500i,500n,5000p,200000b,5000s

Output written on sdg.dvi (20 pages, 109936 bytes).
